// Jest Snapshot v1, https://goo.gl/fbAQLP

exports[`<Nav/> renders amount of items in the cart 1`] = `
<ul
  className="NavStyles-sc-11c0d2g-0 iTUtFG"
  data-test="nav"
>
  <Link
    href="/"
  >
    <a
      href="/"
      onClick={[Function]}
    >
      Shop
    </a>
  </Link>
  <Link
    href="/signup"
  >
    <a
      href="/signup"
      onClick={[Function]}
    >
      Sign in
    </a>
  </Link>
</ul>
`;

exports[`<Nav/> renders amount of items in the cart 2`] = `null`;

exports[`<Nav/> renders simple nav 1`] = `
<ul
  className="NavStyles-sc-11c0d2g-0 iTUtFG"
  data-test="nav"
>
  <Link
    href="/"
  >
    <a
      href="/"
      onClick={[Function]}
    >
      Shop
    </a>
  </Link>
  <Link
    href="/signup"
  >
    <a
      href="/signup"
      onClick={[Function]}
    >
      Sign in
    </a>
  </Link>
</ul>
`;
